###############################################################################
#
# IAR ELF Linker V7.40.7.9843/W32 for ARM                 01/Feb/2018  10:27:31
# Copyright 2007-2015 IAR Systems AB.
#
#    Output file  =  
#        D:\GitHub2\smart_box_q5\SMART_CARD\Project\STM32F10x_StdPeriph_Template\EWARM\STM3210B-EVAL\Exe\Project.out
#    Map file     =  
#        D:\GitHub2\smart_box_q5\SMART_CARD\Project\STM32F10x_StdPeriph_Template\EWARM\STM3210B-EVAL\List\Project.map
#    Command line =  
#        D:\GitHub2\smart_box_q5\SMART_CARD\Project\STM32F10x_StdPeriph_Template\EWARM\STM3210B-EVAL\Obj\bsp.o
#        D:\GitHub2\smart_box_q5\SMART_CARD\Project\STM32F10x_StdPeriph_Template\EWARM\STM3210B-EVAL\Obj\Common.o
#        D:\GitHub2\smart_box_q5\SMART_CARD\Project\STM32F10x_StdPeriph_Template\EWARM\STM3210B-EVAL\Obj\core_cm3.o
#        D:\GitHub2\smart_box_q5\SMART_CARD\Project\STM32F10x_StdPeriph_Template\EWARM\STM3210B-EVAL\Obj\cpu_a.o
#        D:\GitHub2\smart_box_q5\SMART_CARD\Project\STM32F10x_StdPeriph_Template\EWARM\STM3210B-EVAL\Obj\cpu_c.o
#        D:\GitHub2\smart_box_q5\SMART_CARD\Project\STM32F10x_StdPeriph_Template\EWARM\STM3210B-EVAL\Obj\cpu_core.o
#        D:\GitHub2\smart_box_q5\SMART_CARD\Project\STM32F10x_StdPeriph_Template\EWARM\STM3210B-EVAL\Obj\DeviceManage.o
#        D:\GitHub2\smart_box_q5\SMART_CARD\Project\App\rf\Encoding.o
#        D:\GitHub2\smart_box_q5\SMART_CARD\Project\STM32F10x_StdPeriph_Template\EWARM\STM3210B-EVAL\Obj\Encoding_v8.o
#        D:\GitHub2\smart_box_q5\SMART_CARD\Project\STM32F10x_StdPeriph_Template\EWARM\STM3210B-EVAL\Obj\jt808_protocol_rx.o
#        D:\GitHub2\smart_box_q5\SMART_CARD\Project\STM32F10x_StdPeriph_Template\EWARM\STM3210B-EVAL\Obj\jt808_protocol_tx.o
#        D:\GitHub2\smart_box_q5\SMART_CARD\Project\STM32F10x_StdPeriph_Template\EWARM\STM3210B-EVAL\Obj\jt808_pt_misc.o
#        D:\GitHub2\smart_box_q5\SMART_CARD\Project\STM32F10x_StdPeriph_Template\EWARM\STM3210B-EVAL\Obj\jt808_telecom_prot_manage.o
#        D:\GitHub2\smart_box_q5\SMART_CARD\Project\STM32F10x_StdPeriph_Template\EWARM\STM3210B-EVAL\Obj\lib_ascii.o
#        D:\GitHub2\smart_box_q5\SMART_CARD\Project\STM32F10x_StdPeriph_Template\EWARM\STM3210B-EVAL\Obj\lib_math.o
#        D:\GitHub2\smart_box_q5\SMART_CARD\Project\STM32F10x_StdPeriph_Template\EWARM\STM3210B-EVAL\Obj\lib_mem.o
#        D:\GitHub2\smart_box_q5\SMART_CARD\Project\STM32F10x_StdPeriph_Template\EWARM\STM3210B-EVAL\Obj\lib_mem_a.o
#        D:\GitHub2\smart_box_q5\SMART_CARD\Project\STM32F10x_StdPeriph_Template\EWARM\STM3210B-EVAL\Obj\lib_str.o
#        D:\GitHub2\smart_box_q5\SMART_CARD\Project\STM32F10x_StdPeriph_Template\EWARM\STM3210B-EVAL\Obj\main.o
#        D:\GitHub2\smart_box_q5\SMART_CARD\Project\STM32F10x_StdPeriph_Template\EWARM\STM3210B-EVAL\Obj\misc.o
#        D:\GitHub2\smart_box_q5\SMART_CARD\Project\STM32F10x_StdPeriph_Template\EWARM\STM3210B-EVAL\Obj\modem_sim800_app.o
#        D:\GitHub2\smart_box_q5\SMART_CARD\Project\STM32F10x_StdPeriph_Template\EWARM\STM3210B-EVAL\Obj\modem_sim800_AT_pro.o
#        D:\GitHub2\smart_box_q5\SMART_CARD\Project\STM32F10x_StdPeriph_Template\EWARM\STM3210B-EVAL\Obj\os_app_hooks.o
#        D:\GitHub2\smart_box_q5\SMART_CARD\Project\STM32F10x_StdPeriph_Template\EWARM\STM3210B-EVAL\Obj\os_cfg_app.o
#        D:\GitHub2\smart_box_q5\SMART_CARD\Project\STM32F10x_StdPeriph_Template\EWARM\STM3210B-EVAL\Obj\os_core.o
#        D:\GitHub2\smart_box_q5\SMART_CARD\Project\STM32F10x_StdPeriph_Template\EWARM\STM3210B-EVAL\Obj\os_cpu_a.o
#        D:\GitHub2\smart_box_q5\SMART_CARD\Project\STM32F10x_StdPeriph_Template\EWARM\STM3210B-EVAL\Obj\os_cpu_c.o
#        D:\GitHub2\smart_box_q5\SMART_CARD\Project\STM32F10x_StdPeriph_Template\EWARM\STM3210B-EVAL\Obj\os_dbg.o
#        D:\GitHub2\smart_box_q5\SMART_CARD\Project\STM32F10x_StdPeriph_Template\EWARM\STM3210B-EVAL\Obj\os_flag.o
#        D:\GitHub2\smart_box_q5\SMART_CARD\Project\STM32F10x_StdPeriph_Template\EWARM\STM3210B-EVAL\Obj\os_int.o
#        D:\GitHub2\smart_box_q5\SMART_CARD\Project\STM32F10x_StdPeriph_Template\EWARM\STM3210B-EVAL\Obj\os_mem.o
#        D:\GitHub2\smart_box_q5\SMART_CARD\Project\STM32F10x_StdPeriph_Template\EWARM\STM3210B-EVAL\Obj\os_msg.o
#        D:\GitHub2\smart_box_q5\SMART_CARD\Project\STM32F10x_StdPeriph_Template\EWARM\STM3210B-EVAL\Obj\os_mutex.o
#        D:\GitHub2\smart_box_q5\SMART_CARD\Project\STM32F10x_StdPeriph_Template\EWARM\STM3210B-EVAL\Obj\os_pend_multi.o
#        D:\GitHub2\smart_box_q5\SMART_CARD\Project\STM32F10x_StdPeriph_Template\EWARM\STM3210B-EVAL\Obj\os_prio.o
#        D:\GitHub2\smart_box_q5\SMART_CARD\Project\STM32F10x_StdPeriph_Template\EWARM\STM3210B-EVAL\Obj\os_q.o
#        D:\GitHub2\smart_box_q5\SMART_CARD\Project\STM32F10x_StdPeriph_Template\EWARM\STM3210B-EVAL\Obj\os_sem.o
#        D:\GitHub2\smart_box_q5\SMART_CARD\Project\STM32F10x_StdPeriph_Template\EWARM\STM3210B-EVAL\Obj\os_stat.o
#        D:\GitHub2\smart_box_q5\SMART_CARD\Project\STM32F10x_StdPeriph_Template\EWARM\STM3210B-EVAL\Obj\os_task.o
#        D:\GitHub2\smart_box_q5\SMART_CARD\Project\STM32F10x_StdPeriph_Template\EWARM\STM3210B-EVAL\Obj\os_tick.o
#        D:\GitHub2\smart_box_q5\SMART_CARD\Project\STM32F10x_StdPeriph_Template\EWARM\STM3210B-EVAL\Obj\os_time.o
#        D:\GitHub2\smart_box_q5\SMART_CARD\Project\STM32F10x_StdPeriph_Template\EWARM\STM3210B-EVAL\Obj\os_tmr.o
#        D:\GitHub2\smart_box_q5\SMART_CARD\Project\STM32F10x_StdPeriph_Template\EWARM\STM3210B-EVAL\Obj\os_var.o
#        D:\GitHub2\smart_box_q5\SMART_CARD\Project\STM32F10x_StdPeriph_Template\EWARM\STM3210B-EVAL\Obj\ringbuffer.o
#        D:\GitHub2\smart_box_q5\SMART_CARD\Project\STM32F10x_StdPeriph_Template\EWARM\STM3210B-EVAL\Obj\startup_stm32f10x_md.o
#        D:\GitHub2\smart_box_q5\SMART_CARD\Project\STM32F10x_StdPeriph_Template\EWARM\STM3210B-EVAL\Obj\stm32f10x_adc.o
#        D:\GitHub2\smart_box_q5\SMART_CARD\Project\STM32F10x_StdPeriph_Template\EWARM\STM3210B-EVAL\Obj\stm32f10x_bkp.o
#        D:\GitHub2\smart_box_q5\SMART_CARD\Project\STM32F10x_StdPeriph_Template\EWARM\STM3210B-EVAL\Obj\stm32f10x_can.o
#        D:\GitHub2\smart_box_q5\SMART_CARD\Project\STM32F10x_StdPeriph_Template\EWARM\STM3210B-EVAL\Obj\stm32f10x_cec.o
#        D:\GitHub2\smart_box_q5\SMART_CARD\Project\STM32F10x_StdPeriph_Template\EWARM\STM3210B-EVAL\Obj\stm32f10x_crc.o
#        D:\GitHub2\smart_box_q5\SMART_CARD\Project\STM32F10x_StdPeriph_Template\EWARM\STM3210B-EVAL\Obj\stm32f10x_dac.o
#        D:\GitHub2\smart_box_q5\SMART_CARD\Project\STM32F10x_StdPeriph_Template\EWARM\STM3210B-EVAL\Obj\stm32f10x_dbgmcu.o
#        D:\GitHub2\smart_box_q5\SMART_CARD\Project\STM32F10x_StdPeriph_Template\EWARM\STM3210B-EVAL\Obj\stm32f10x_dma.o
#        D:\GitHub2\smart_box_q5\SMART_CARD\Project\STM32F10x_StdPeriph_Template\EWARM\STM3210B-EVAL\Obj\stm32f10x_exti.o
#        D:\GitHub2\smart_box_q5\SMART_CARD\Project\STM32F10x_StdPeriph_Template\EWARM\STM3210B-EVAL\Obj\stm32f10x_flash.o
#        D:\GitHub2\smart_box_q5\SMART_CARD\Project\STM32F10x_StdPeriph_Template\EWARM\STM3210B-EVAL\Obj\stm32f10x_fsmc.o
#        D:\GitHub2\smart_box_q5\SMART_CARD\Project\STM32F10x_StdPeriph_Template\EWARM\STM3210B-EVAL\Obj\stm32f10x_gpio.o
#        D:\GitHub2\smart_box_q5\SMART_CARD\Project\STM32F10x_StdPeriph_Template\EWARM\STM3210B-EVAL\Obj\stm32f10x_i2c.o
#        D:\GitHub2\smart_box_q5\SMART_CARD\Project\STM32F10x_StdPeriph_Template\EWARM\STM3210B-EVAL\Obj\stm32f10x_it.o
#        D:\GitHub2\smart_box_q5\SMART_CARD\Project\STM32F10x_StdPeriph_Template\EWARM\STM3210B-EVAL\Obj\stm32f10x_iwdg.o
#        D:\GitHub2\smart_box_q5\SMART_CARD\Project\STM32F10x_StdPeriph_Template\EWARM\STM3210B-EVAL\Obj\stm32f10x_pwr.o
#        D:\GitHub2\smart_box_q5\SMART_CARD\Project\STM32F10x_StdPeriph_Template\EWARM\STM3210B-EVAL\Obj\stm32f10x_rcc.o
#        D:\GitHub2\smart_box_q5\SMART_CARD\Project\STM32F10x_StdPeriph_Template\EWARM\STM3210B-EVAL\Obj\stm32f10x_rtc.o
#        D:\GitHub2\smart_box_q5\SMART_CARD\Project\STM32F10x_StdPeriph_Template\EWARM\STM3210B-EVAL\Obj\stm32f10x_sdio.o
#        D:\GitHub2\smart_box_q5\SMART_CARD\Project\STM32F10x_StdPeriph_Template\EWARM\STM3210B-EVAL\Obj\stm32f10x_spi.o
#        D:\GitHub2\smart_box_q5\SMART_CARD\Project\STM32F10x_StdPeriph_Template\EWARM\STM3210B-EVAL\Obj\stm32f10x_tim.o
#        D:\GitHub2\smart_box_q5\SMART_CARD\Project\STM32F10x_StdPeriph_Template\EWARM\STM3210B-EVAL\Obj\stm32f10x_usart.o
#        D:\GitHub2\smart_box_q5\SMART_CARD\Project\STM32F10x_StdPeriph_Template\EWARM\STM3210B-EVAL\Obj\stm32f10x_wwdg.o
#        D:\GitHub2\smart_box_q5\SMART_CARD\Project\STM32F10x_StdPeriph_Template\EWARM\STM3210B-EVAL\Obj\system_stm32f10x.o
#        D:\GitHub2\smart_box_q5\SMART_CARD\Project\STM32F10x_StdPeriph_Template\EWARM\STM3210B-EVAL\Obj\uart1_network_layer.o
#        D:\GitHub2\smart_box_q5\SMART_CARD\Project\STM32F10x_StdPeriph_Template\EWARM\STM3210B-EVAL\Obj\uart2_network_layer.o
#        D:\GitHub2\smart_box_q5\SMART_CARD\Project\STM32F10x_StdPeriph_Template\EWARM\STM3210B-EVAL\Obj\uart3_network_layer.o
#        D:\GitHub2\smart_box_q5\SMART_CARD\Project\STM32F10x_StdPeriph_Template\EWARM\STM3210B-EVAL\Obj\user_debug_app.o
#        D:\GitHub2\smart_box_q5\SMART_CARD\Project\STM32F10x_StdPeriph_Template\EWARM\STM3210B-EVAL\Obj\user_gps_app.o
#        D:\GitHub2\smart_box_q5\SMART_CARD\Project\STM32F10x_StdPeriph_Template\EWARM\STM3210B-EVAL\Obj\user_internal_flash.o
#        D:\GitHub2\smart_box_q5\SMART_CARD\Project\STM32F10x_StdPeriph_Template\EWARM\STM3210B-EVAL\Obj\user_rf_app.o
#        D:\GitHub2\smart_box_q5\SMART_CARD\Project\STM32F10x_StdPeriph_Template\EWARM\STM3210B-EVAL\Obj\user_rtc_app.o
#        --redirect _Printf=_PrintfFull --redirect _Scanf=_ScanfFull -o
#        D:\GitHub2\smart_box_q5\SMART_CARD\Project\STM32F10x_StdPeriph_Template\EWARM\STM3210B-EVAL\Exe\Project.out
#        --map
#        D:\GitHub2\smart_box_q5\SMART_CARD\Project\STM32F10x_StdPeriph_Template\EWARM\STM3210B-EVAL\List\Project.map
#        --config
#        D:\GitHub2\smart_box_q5\SMART_CARD\Project\STM32F10x_StdPeriph_Template\EWARM\Project.icf
#        --semihosting --entry __iar_program_start --vfe
#
###############################################################################

*******************************************************************************
*** RUNTIME MODEL ATTRIBUTES
***

CppFlavor                     = *
__Heap_Handler                = DLMalloc
__SystemLibrary               = DLib
__dlib_dynamic_initialization = normal


*******************************************************************************
*** PLACEMENT SUMMARY
***

"A1":  place at 0x08000000 { ro section .intvec };
"P1":  place in [from 0x08000000 to 0x0800ffff] { ro };
"P2":  place in [from 0x20000000 to 0x20004fff] { rw, block CSTACK, block HEAP };

  Section             Kind        Address    Size  Object
  -------             ----        -------    ----  ------
"A1":                                        0xec
  .intvec             ro code  0x08000000    0xec  startup_stm32f10x_md.o [2]
                             - 0x080000ec    0xec

"P1":                                      0x9b48
  .text               ro code  0x080000ec  0x1e04  user_rf_app.o [2]
  .text               ro code  0x08001ef0   0x26c  stm32f10x_tim.o [2]
  .text               ro code  0x0800215c   0x130  os_time.o [2]
  .text               ro code  0x0800228c    0x94  user_debug_app.o [2]
  .text               ro code  0x08002320   0x120  stm32f10x_gpio.o [2]
  .text               ro code  0x08002440     0x6  ABImemclr4.o [6]
  .text               ro code  0x08002446    0x1a  xsnprout.o [4]
  .text               ro code  0x08002460   0x9fc  os_core.o [2]
  .text               ro code  0x08002e5c    0x34  stm32f10x_iwdg.o [2]
  .text               ro code  0x08002e90   0x414  DeviceManage.o [2]
  .text               ro code  0x080032a4   0x29c  user_internal_flash.o [2]
  .text               ro code  0x08003540    0x66  ABImemset.o [6]
  .text               ro code  0x080035a8   0x138  Encoding_v8.o [2]
  .text               ro code  0x080036e0   0x38c  Encoding.o [1]
  .text               ro code  0x08003a6c    0x3a  ABImemset48.o [6]
  .text               ro code  0x08003aa8    0x76  ABImemcpy_unaligned.o [6]
  .text               ro code  0x08003b20    0x62  memcmp_unaligned.o [6]
  .text               ro code  0x08003b84    0x2a  stm32f10x_adc.o [2]
  .text               ro code  0x08003bb0   0x834  os_task.o [2]
  CODE                ro code  0x080043e4    0x2a  cpu_a.o [2]
  .text               ro code  0x08004410    0x94  cpu_core.o [2]
  .text               ro code  0x080044a4   0x378  os_tick.o [2]
  .text               ro code  0x0800481c   0x1cc  os_cpu_c.o [2]
  .text               ro code  0x080049e8   0x334  uart1_network_layer.o [2]
  .text               ro code  0x08004d1c   0x3e0  os_mutex.o [2]
  .text               ro code  0x080050fc    0x3c  vsnprint.o [4]
  .text               ro code  0x08005138    0x78  os_prio.o [2]
  .text               ro code  0x080051b0    0x18  os_flag.o [2]
  .text               ro code  0x080051c8    0x18  os_mem.o [2]
  .text               ro code  0x080051e0   0x1a4  os_msg.o [2]
  .text               ro code  0x08005384    0x18  os_q.o [2]
  .text               ro code  0x0800539c    0x18  os_sem.o [2]
  .text               ro code  0x080053b4   0x2b0  os_tmr.o [2]
  .text               ro code  0x08005664     0x2  os_dbg.o [2]
  .text               ro code  0x08005666     0x2  os_cfg_app.o [2]
  CODE                ro code  0x08005668    0x84  os_cpu_a.o [2]
  .text               ro code  0x080056ec     0xc  bsp.o [2]
  .text               ro code  0x080056f8  0x14f0  dlmalloc.o [4]
  .text               ro code  0x08006be8   0x1bc  stm32f10x_rcc.o [2]
  .text               ro code  0x08006da4   0x134  stm32f10x_flash.o [2]
  .text               ro code  0x08006ed8    0x7c  misc.o [2]
  .text               ro code  0x08006f54   0x27c  user_rtc_app.o [2]
  .text               ro code  0x080071d0    0x14  memset.o [4]
  .text               ro code  0x080071e4   0x15c  stm32f10x_usart.o [2]
  .text               ro code  0x08007340    0x10  uart1_network_layer.o [2]
  .text               ro code  0x08007350   0x1ac  ringbuffer.o [2]
  .text               ro code  0x080074fc  0x1152  xprintffull.o [4]
  .text               ro code  0x0800864e     0x6  abort.o [4]
  .text               ro code  0x08008654    0x2c  xgetmemchunk.o [4]
  .text               ro code  0x08008680     0xc  stm32f10x_pwr.o [2]
  .text               ro code  0x0800868c    0x48  stm32f10x_bkp.o [2]
  .text               ro code  0x080086d4    0xc8  stm32f10x_rtc.o [2]
  .text               ro code  0x0800879c    0xbc  Common.o [2]
  .text               ro code  0x08008858    0x20  xmbtowc.o [4]
  .text               ro code  0x08008878    0x16  strchr.o [6]
  .text               ro code  0x08008890    0x36  strlen.o [6]
  .text               ro code  0x080088c8    0x58  memchr.o [6]
  .text               ro code  0x08008920     0xa  xmbcurmax.o [4]
  .text               ro code  0x0800892a    0x1a  xwctomb.o [4]
  .text               ro code  0x08008944    0xee  I64DivMod.o [6]
  .text               ro code  0x08008a32    0x42  xdnorm.o [5]
  .text               ro code  0x08008a74    0x2e  DblCmpLe.o [5]
  .text               ro code  0x08008aa4    0x2e  DblCmpGe.o [5]
  .text               ro code  0x08008ad4   0x10c  xdscale.o [5]
  .text               ro code  0x08008be0    0x58  DblToI32.o [5]
  .text               ro code  0x08008c38    0x30  I32ToDbl.o [5]
  .text               ro code  0x08008c68   0x180  DblSub.o [5]
  .text               ro code  0x08008de8   0x1a2  DblMul.o [5]
  .text               ro code  0x08008f8c   0x256  DblDiv.o [5]
  .text               ro code  0x080091e4    0x6c  localeconv.o [4]
  .text               ro code  0x08009250     0xe  div.o [4]
  .text               ro code  0x08009260    0x14  exit.o [7]
  .text               ro code  0x08009274    0x14  setlocale.o [4]
  .text               ro code  0x08009288    0x60  xencoding_sb.o [4]
  .text               ro code  0x080092e8     0x2  I64DivZer.o [6]
  .text               ro code  0x080092ec    0xd4  DblAdd.o [5]
  .text               ro code  0x080093c0     0x2  xtls.o [4]
  .text               ro code  0x080093c4   0x16c  uart2_network_layer.o [2]
  .text               ro code  0x08009530    0x10  uart2_network_layer.o [2]
  .text               ro code  0x08009540   0x16c  uart3_network_layer.o [2]
  .text               ro code  0x080096ac    0x10  uart3_network_layer.o [2]
  .text               ro code  0x080096bc    0xd0  packbits_init.o [6]
  .text               ro code  0x0800978c    0x78  main.o [2]
  .text               ro code  0x08009804    0x78  stm32f10x_it.o [2]
  .text               ro code  0x0800987c    0x28  stm32f10x_exti.o [2]
  .text               ro code  0x080098a4    0x52  system_stm32f10x.o [2]
  .rodata             const    0x080098f8    0x50  os_cfg_app.o [2]
  .text               ro code  0x08009948    0x40  zero_init3.o [6]
  .text               ro code  0x08009988    0x28  data_init.o [6]
  .iar.init_table     const    0x080099b0    0x2c  - Linker created -
  .text               ro code  0x080099dc    0x1a  cmain.o [6]
  .text               ro code  0x080099f6     0x4  low_level_init.o [4]
  .text               ro code  0x080099fa     0x4  exit.o [4]
  .text               ro code  0x08009a00     0xa  cexit.o [6]
  .text               ro code  0x08009a0c    0x10  startup_stm32f10x_md.o [2]
  .text               ro code  0x08009a1c     0xc  cstartup_M.o [6]
  .text               ro code  0x08009a28     0x4  startup_stm32f10x_md.o [2]
  .text               ro code  0x08009a2c     0x4  startup_stm32f10x_md.o [2]
  .text               ro code  0x08009a30     0x4  startup_stm32f10x_md.o [2]
  .text               ro code  0x08009a34     0x4  startup_stm32f10x_md.o [2]
  .text               ro code  0x08009a38     0x4  startup_stm32f10x_md.o [2]
  .text               ro code  0x08009a3c     0x4  startup_stm32f10x_md.o [2]
  .text               ro code  0x08009a40     0x4  startup_stm32f10x_md.o [2]
  .text               ro code  0x08009a44     0x4  startup_stm32f10x_md.o [2]
  .text               ro code  0x08009a48     0x4  startup_stm32f10x_md.o [2]
  .text               ro code  0x08009a4c     0x4  startup_stm32f10x_md.o [2]
  .text               ro code  0x08009a50     0x4  startup_stm32f10x_md.o [2]
  .text               ro code  0x08009a54     0x4  startup_stm32f10x_md.o [2]
  .text               ro code  0x08009a58     0x4  startup_stm32f10x_md.o [2]
  .text               ro code  0x08009a5c     0x4  startup_stm32f10x_md.o [2]
  .text               ro code  0x08009a60     0x4  startup_stm32f10x_md.o [2]
  .text               ro code  0x08009a64     0x4  startup_stm32f10x_md.o [2]
  .text               ro code  0x08009a68     0x4  startup_stm32f10x_md.o [2]
  .text               ro code  0x08009a6c     0x4  startup_stm32f10x_md.o [2]
  .text               ro code  0x08009a70     0x4  startup_stm32f10x_md.o [2]
  .text               ro code  0x08009a74     0x4  startup_stm32f10x_md.o [2]
  .text               ro code  0x08009a78     0x4  startup_stm32f10x_md.o [2]
  .text               ro code  0x08009a7c     0x4  startup_stm32f10x_md.o [2]
  .text               ro code  0x08009a80     0x4  startup_stm32f10x_md.o [2]
  .text               ro code  0x08009a84     0x4  startup_stm32f10x_md.o [2]
  .text               ro code  0x08009a88     0x4  startup_stm32f10x_md.o [2]
  .text               ro code  0x08009a8c     0x4  startup_stm32f10x_md.o [2]
  .text               ro code  0x08009a90     0x4  startup_stm32f10x_md.o [2]
  .text               ro code  0x08009a94     0x4  startup_stm32f10x_md.o [2]
  .text               ro code  0x08009a98     0x4  startup_stm32f10x_md.o [2]
  .text               ro code  0x08009a9c     0x4  startup_stm32f10x_md.o [2]
  .text               ro code  0x08009aa0     0x4  startup_stm32f10x_md.o [2]
  .text               ro code  0x08009aa4     0x4  startup_stm32f10x_md.o [2]
  .text               ro code  0x08009aa8     0x4  startup_stm32f10x_md.o [2]
  .text               ro code  0x08009aac     0x4  startup_stm32f10x_md.o [2]
  .text               ro code  0x08009ab0     0x4  startup_stm32f10x_md.o [2]
  .text               ro code  0x08009ab4     0x4  startup_stm32f10x_md.o [2]
  .text               ro code  0x08009ab8     0x4  startup_stm32f10x_md.o [2]
  .text               ro code  0x08009abc     0x4  startup_stm32f10x_md.o [2]
  .text               ro code  0x08009ac0     0x4  startup_stm32f10x_md.o [2]
  .text               ro code  0x08009ac4     0x4  startup_stm32f10x_md.o [2]
  .text               ro code  0x08009ac8     0x4  startup_stm32f10x_md.o [2]
  .text               ro code  0x08009acc     0x4  startup_stm32f10x_md.o [2]
  .text               ro code  0x08009ad0     0x4  startup_stm32f10x_md.o [2]
  .text               ro code  0x08009ad4     0x4  startup_stm32f10x_md.o [2]
  .text               ro code  0x08009ad8     0x4  startup_stm32f10x_md.o [2]
  .text               ro code  0x08009adc     0x4  startup_stm32f10x_md.o [2]
  .text               ro code  0x08009ae0     0x4  startup_stm32f10x_md.o [2]
  .text               ro code  0x08009ae4     0x4  startup_stm32f10x_md.o [2]
  .text               ro code  0x08009ae8     0x4  startup_stm32f10x_md.o [2]
  .text               ro code  0x08009aec     0x4  startup_stm32f10x_md.o [2]
  .text               ro code  0x08009af0     0x4  startup_stm32f10x_md.o [2]
  .text               ro code  0x08009af4     0x4  startup_stm32f10x_md.o [2]
  .rodata             const    0x08009af8     0x0  zero_init3.o [6]
  .rodata             const    0x08009af8     0x0  packbits_init.o [6]
  Initializer bytes   const    0x08009af8   0x13c  <for P2 s0>
                             - 0x08009c34  0x9b48

"P2":                                      0x3150
  P2 s0                        0x20000000   0x2ac  <Init block>
    .data             inited   0x20000000   0x100  user_internal_flash.o [2]
    __DLIB_PERTHREAD  inited   0x20000100    0x88  localeconv.o [4]
    __DLIB_PERTHREAD  inited   0x20000188    0x74  setlocale.o [4]
    .data             inited   0x200001fc    0x3c  user_rf_app.o [2]
    .data             inited   0x20000238    0x2c  user_rf_app.o [2]
    .data             inited   0x20000264    0x1e  user_rf_app.o [2]
    .data             inited   0x20000284    0x14  stm32f10x_rcc.o [2]
    .data             inited   0x20000298    0x14  system_stm32f10x.o [2]
  .bss                zero     0x200002ac   0x640  os_cfg_app.o [2]
  .bss                zero     0x200008ec   0x300  os_cfg_app.o [2]
  .bss                zero     0x20000bec   0x220  user_debug_app.o [2]
  .bss                zero     0x20000e10   0x200  os_cfg_app.o [2]
  .bss                zero     0x20001010   0x200  os_cfg_app.o [2]
  .bss                zero     0x20001210   0x200  os_cfg_app.o [2]
  .bss                zero     0x20001410   0x200  os_cfg_app.o [2]
  .bss                zero     0x20001610   0x1d8  dlmalloc.o [4]
  .bss                zero     0x200017e8   0x19c  uart1_network_layer.o [2]
  .bss                zero     0x20001984   0x19c  uart3_network_layer.o [2]
  .bss                zero     0x20001b20   0x11c  uart2_network_layer.o [2]
  .bss                zero     0x20001c3c   0x100  os_cfg_app.o [2]
  .bss                zero     0x20001d3c    0xf0  os_var.o [2]
  .bss                zero     0x20001e2c    0x34  user_rf_app.o [2]
  .bss                zero     0x20001e60    0xd0  os_cfg_app.o [2]
  .bss                zero     0x20001f30    0xd0  os_cfg_app.o [2]
  .bss                zero     0x20002000    0xd0  os_cfg_app.o [2]
  .bss                zero     0x200020d0    0xd0  os_var.o [2]
  .bss                zero     0x200021a0    0xd0  os_var.o [2]
  .bss                zero     0x20002270    0xd0  os_var.o [2]
  .bss                zero     0x20002340    0x88  os_cfg_app.o [2]
  .bss                zero     0x200023c8    0x88  os_cfg_app.o [2]
  .bss                zero     0x20002450    0x30  user_rtc_app.o [2]
  .bss                zero     0x20002480    0x18  cpu_core.o [2]
  .bss                zero     0x20002498    0x18  dlmalloc.o [4]
  .bss                zero     0x200024b0     0x8  Encoding.o [1]
  .bss                zero     0x200024b8     0x8  os_var.o [2]
  .bss                zero     0x200024c0     0x4  os_cpu_c.o [2]
  .bss                zero     0x200024c4     0x4  os_prio.o [2]
  .bss                zero     0x200024c8     0x4  os_var.o [2]
  .bss                zero     0x200024cc     0x4  os_var.o [2]
  .bss                zero     0x200024d0     0x4  os_var.o [2]
  .bss                zero     0x200024d4     0x4  os_var.o [2]
  .bss                zero     0x200024d8     0x4  os_var.o [2]
  .bss                zero     0x200024dc     0x4  os_var.o [2]
  .bss                zero     0x200024e0     0x4  os_var.o [2]
  .bss                zero     0x200024e4     0x4  os_var.o [2]
  .bss                zero     0x200024e8     0x4  os_var.o [2]
  .bss                zero     0x200024ec     0x4  os_var.o [2]
  .bss                zero     0x200024f0     0x4  os_var.o [2]
  .bss                zero     0x200024f4     0x4  os_var.o [2]
  .bss                zero     0x200024f8     0x4  os_var.o [2]
  .bss                zero     0x200024fc     0x4  os_var.o [2]
  .bss                zero     0x20002500     0x4  os_var.o [2]
  .bss                zero     0x20002504     0x4  os_var.o [2]
  .bss                zero     0x20002508     0x4  os_var.o [2]
  .bss                zero     0x2000250c     0x4  os_var.o [2]
  .bss                zero     0x20002510     0x4  os_var.o [2]
  .bss                zero     0x20002514     0x4  os_var.o [2]
  .bss                zero     0x20002518     0x4  os_var.o [2]
  .bss                zero     0x2000251c     0x4  os_var.o [2]
  .bss                zero     0x20002520     0x4  os_var.o [2]
  .bss                zero     0x20002524     0x4  os_var.o [2]
  .bss                zero     0x20002528     0x4  os_var.o [2]
  .bss                zero     0x2000252c     0x4  os_var.o [2]
  .bss                zero     0x20002530     0x4  os_var.o [2]
  .bss                zero     0x20002534     0x4  os_var.o [2]
  .bss                zero     0x20002538     0x4  xgetmemchunk.o [4]
  .bss                zero     0x2000253c     0x2  os_var.o [2]
  .bss                zero     0x2000253e     0x2  os_var.o [2]
  .bss                zero     0x20002540     0x2  os_var.o [2]
  .bss                zero     0x20002542     0x2  os_var.o [2]
  .bss                zero     0x20002544     0x2  os_var.o [2]
  .bss                zero     0x20002546     0x2  os_var.o [2]
  .bss                zero     0x20002548     0x1  os_var.o [2]
  .bss                zero     0x20002549     0x1  os_var.o [2]
  .bss                zero     0x2000254a     0x1  os_var.o [2]
  .bss                zero     0x2000254b     0x1  os_var.o [2]
  .bss                zero     0x2000254c     0x1  os_var.o [2]
  .bss                zero     0x2000254d     0x1  os_var.o [2]
  .bss                zero     0x2000254e     0x1  user_rf_app.o [2]
  CSTACK                       0x20002550   0x400  <Block>
    CSTACK            uninit   0x20002550   0x400  <Block tail>
  HEAP                         0x20002950   0x800  <Block>
    HEAP              uninit   0x20002950   0x800  <Block tail>
                             - 0x20003150  0x3150


*******************************************************************************
*** INIT TABLE
***

          Address     Size
          -------     ----
Zero (__iar_zero_init3)
    1 destination range, total size 0x22a3:
          0x200002ac  0x22a3

Copy/packbits (__iar_packbits_init3)
    1 source range, total size 0x13c (46% of destination):
          0x08009af8   0x13c
    1 destination range, total size 0x2ac:
          0x20000000   0x2ac



*******************************************************************************
*** MODULE SUMMARY
***

    Module                  ro code  ro data  rw data
    ------                  -------  -------  -------
D:\GitHub2\smart_box_q5\SMART_CARD\Project\App\rf: [1]
    Encoding.o                  908                 8
    -------------------------------------------------
    Total:                      908                 8

D:\GitHub2\smart_box_q5\SMART_CARD\Project\STM32F10x_StdPeriph_Template\EWARM\STM3210B-EVAL\Obj: [2]
    Common.o                    188
    DeviceManage.o            1 044
    Encoding_v8.o               312
    bsp.o                        12
    cpu_a.o                      42
    cpu_core.o                  148                24
    main.o                      120
    misc.o                      124
    os_cfg_app.o                  2       80    5 568
    os_core.o                 2 556
    os_cpu_a.o                  132
    os_cpu_c.o                  460                 4
    os_dbg.o                      2
    os_flag.o                    24
    os_mem.o                     24
    os_msg.o                    420
    os_mutex.o                  992
    os_prio.o                   120                 4
    os_q.o                       24
    os_sem.o                     24
    os_task.o                 2 100
    os_tick.o                   888
    os_time.o                   304
    os_tmr.o                    688
    os_var.o                                    1 002
    ringbuffer.o                428
    startup_stm32f10x_md.o      460
    stm32f10x_adc.o              42
    stm32f10x_bkp.o              72
    stm32f10x_exti.o             40
    stm32f10x_flash.o           308
    stm32f10x_gpio.o            288
    stm32f10x_it.o              120
    stm32f10x_iwdg.o             52
    stm32f10x_pwr.o              12
    stm32f10x_rcc.o             444       10       20
    stm32f10x_rtc.o             200
    stm32f10x_tim.o             620
    stm32f10x_usart.o           348
    system_stm32f10x.o           82       10       20
    uart1_network_layer.o       836               412
    uart2_network_layer.o       380               284
    uart3_network_layer.o       380               412
    user_debug_app.o            148               544
    user_internal_flash.o       668      118      256
    user_rf_app.o             7 684       62      187
    user_rtc_app.o              636                48
    -------------------------------------------------
    Total:                   24 998      280    8 785

command line: [3]
    -------------------------------------------------
    Total:

dl7M_tlf.a: [4]
    abort.o                       6
    div.o                        14
    dlmalloc.o                5 360               496
    exit.o                        4
    localeconv.o                108       63      136
    low_level_init.o              4
    memset.o                     20
    setlocale.o                  20       53      116
    vsnprint.o                   60
    xencoding_sb.o               96
    xgetmemchunk.o               44                 4
    xmbcurmax.o                  10
    xmbtowc.o                    32
    xprintffull.o             4 434
    xsnprout.o                   26
    xtls.o                        2
    xwctomb.o                    26
    -------------------------------------------------
    Total:                   10 266      116      752

m7M_tl.a: [5]
    DblAdd.o                    212
    DblCmpGe.o                   46
    DblCmpLe.o                   46
    DblDiv.o                    598
    DblMul.o                    418
    DblSub.o                    384
    DblToI32.o                   88
    I32ToDbl.o                   48
    xdnorm.o                     66
    xdscale.o                   268
    -------------------------------------------------
    Total:                    2 174

rt7M_tl.a: [6]
    ABImemclr4.o                  6
    ABImemcpy_unaligned.o       118
    ABImemset.o                 102
    ABImemset48.o                58
    I64DivMod.o                 238
    I64DivZer.o                   2
    cexit.o                      10
    cmain.o                      26
    cstartup_M.o                 12
    data_init.o                  40
    memchr.o                     88
    memcmp_unaligned.o           98
    packbits_init.o             208
    strchr.o                     22
    strlen.o                     54
    zero_init3.o                 64
    -------------------------------------------------
    Total:                    1 146

shb_l.a: [7]
    exit.o                       20
    -------------------------------------------------
    Total:                       20

    Gaps                         34        2        6
    Linker created                        44    3 072
-----------------------------------------------------
    Grand Total:             39 546      442   12 623


*******************************************************************************
*** ENTRY LIST
***

Entry                      Address   Size  Type      Object
-----                      -------   ----  ----      ------
.iar.init_table$$Base   0x080099b0          --   Gb  - Linker created -
.iar.init_table$$Limit  0x080099dc          --   Gb  - Linker created -
?main                   0x080099dd         Code  Gb  cmain.o [6]
ADC1_2_IRQHandler       0x080016a1   0xfe  Code  Gb  user_rf_app.o [2]
ADCPrescTable           0x20000294    0x4  Data  Lc  stm32f10x_rcc.o [2]
ADC_Cmd                 0x08003b85   0x16  Code  Gb  stm32f10x_adc.o [2]
ADC_GetConversionValue  0x08003b9b    0x6  Code  Gb  stm32f10x_adc.o [2]
ADC_GetFlagStatus       0x08003ba1    0xe  Code  Gb  stm32f10x_adc.o [2]
AHBPrescTable           0x20000298   0x10  Data  Gb  system_stm32f10x.o [2]
APBAHBPrescTable        0x20000284   0x10  Data  Lc  stm32f10x_rcc.o [2]
ActiveImmo              0x08001179   0xcc  Code  Gb  user_rf_app.o [2]
BKP_DeInit              0x0800868d   0x12  Code  Gb  stm32f10x_bkp.o [2]
BKP_ReadBackupRegister  0x080086b7   0x18  Code  Gb  stm32f10x_bkp.o [2]
BKP_WriteBackupRegister
                        0x0800869f   0x18  Code  Gb  stm32f10x_bkp.o [2]
BasePlus                0x080006b8   0x2c  Data  Gb  user_rf_app.o [2]
BusFault_Handler        0x08009819    0x8  Code  Gb  stm32f10x_it.o [2]
CPU_CntLeadZeros        0x080043fb         Code  Gb  cpu_a.o [2]
CPU_IntDis              0x080043e5         Code  Gb  cpu_a.o [2]
CPU_IntDisMeasCtr       0x20002480    0x2  Data  Gb  cpu_core.o [2]
CPU_IntDisMeasMaxCalc   0x0800448f   0x10  Code  Lc  cpu_core.o [2]
CPU_IntDisMeasMaxCurGet
                        0x0800442b   0x16  Code  Gb  cpu_core.o [2]
CPU_IntDisMeasMaxCurReset
                        0x08004411   0x1a  Code  Gb  cpu_core.o [2]
CPU_IntDisMeasMaxCur_cnts
                        0x20002490    0x4  Data  Gb  cpu_core.o [2]
CPU_IntDisMeasMax_cnts  0x20002494    0x4  Data  Gb  cpu_core.o [2]
CPU_IntDisMeasOvrhd_cnts
                        0x2000248c    0x4  Data  Gb  cpu_core.o [2]
CPU_IntDisMeasStart     0x08004441   0x1e  Code  Gb  cpu_core.o [2]
CPU_IntDisMeasStart_cnts
                        0x20002484    0x4  Data  Gb  cpu_core.o [2]
CPU_IntDisMeasStop      0x0800445f   0x30  Code  Gb  cpu_core.o [2]
CPU_IntDisMeasStop_cnts
                        0x20002488    0x4  Data  Gb  cpu_core.o [2]
CPU_IntDisNestCtr       0x20002482    0x2  Data  Gb  cpu_core.o [2]
CPU_IntEn               0x080043e9         Code  Gb  cpu_a.o [2]
CPU_RevBits             0x08004401         Code  Gb  cpu_a.o [2]
CPU_SR_Restore          0x080043f5         Code  Gb  cpu_a.o [2]
CPU_SR_Save             0x080043ed         Code  Gb  cpu_a.o [2]
CPU_TS_TmrRd            0x080056ed    0x6  Code  Gb  bsp.o [2]
CPU_WaitForExcept       0x0800440b         Code  Gb  cpu_a.o [2]
CPU_WaitForInt          0x08004407         Code  Gb  cpu_a.o [2]
CSTACK$$Base            0x20002550          --   Gb  - Linker created -
CSTACK$$Limit           0x20002950          --   Gb  - Linker created -
Cal_crc8                0x080032a5   0x1e  Code  Gb  user_internal_flash.o [2]
Char2Long               0x080035a9   0x20  Code  Gb  Encoding_v8.o [2]
CheckRemoteValueIsAllow
                        0x08000c6b  0x146  Code  Lc  user_rf_app.o [2]
ClearKeyValueCount      0x20000278    0x1  Data  Lc  user_rf_app.o [2]
CrcTable                0x20000000  0x100  Data  Gb  user_internal_flash.o [2]
DBCM_46E9               0x080035e7   0x16  Code  Gb  Encoding_v8.o [2]
DM_post_one_task_msg    0x0800312b   0x72  Code  Gb  DeviceManage.o [2]
DM_post_pwr_on_to_tasks
                        0x0800319d   0x38  Code  Lc  DeviceManage.o [2]
Data                    0x20000264   0x10  Data  Lc  user_rf_app.o [2]
Data_58F0               0x080036d0   0x10  Data  Gb  Encoding_v8.o [2]
DebugMon_Handler        0x0800982b    0x2  Code  Gb  stm32f10x_it.o [2]
DelayXms                0x0800011b   0x10  Code  Gb  user_rf_app.o [2]
DeviceManageTask        0x080031d5   0x58  Code  Gb  DeviceManage.o [2]
DeviceManageTask_Stk    0x20000e10  0x200  Data  Gb  os_cfg_app.o [2]
DeviceManageTask_Tcb    0x20001e60   0xd0  Data  Gb  os_cfg_app.o [2]
DriveAlarm              0x080001b1   0x38  Code  Gb  user_rf_app.o [2]
EXTI0_IRQHandler        0x08009831   0x18  Code  Gb  stm32f10x_it.o [2]
EXTI1_IRQHandler        0x08009849   0x18  Code  Gb  stm32f10x_it.o [2]
EXTI_ClearITPendingBit  0x08009895    0x6  Code  Gb  stm32f10x_exti.o [2]
EXTI_GetITStatus        0x0800987d   0x18  Code  Gb  stm32f10x_exti.o [2]
FLASH_ClearFlag         0x08006e77    0x6  Code  Gb  stm32f10x_flash.o [2]
FLASH_ErasePage         0x08006de9   0x3a  Code  Gb  stm32f10x_flash.o [2]
FLASH_GetBank1Status    0x08006e7d   0x22  Code  Gb  stm32f10x_flash.o [2]
FLASH_Lock              0x08006ddb    0xe  Code  Gb  stm32f10x_flash.o [2]
FLASH_PrefetchBufferCmd
                        0x08006db5   0x14  Code  Gb  stm32f10x_flash.o [2]
FLASH_ProgramMoreWord   0x080032c3   0x22  Code  Gb  user_internal_flash.o [2]
FLASH_ProgramWord       0x08006e23   0x54  Code  Gb  stm32f10x_flash.o [2]
FLASH_ReadMoreWord      0x080032e5   0x1a  Code  Gb  user_internal_flash.o [2]
FLASH_ReadRemoteID      0x08003469   0x46  Code  Gb  user_internal_flash.o [2]
FLASH_ReadRemoteLOQ     0x080034af   0x70  Code  Gb  user_internal_flash.o [2]
FLASH_SetLatency        0x08006da5   0x10  Code  Gb  stm32f10x_flash.o [2]
FLASH_Unlock            0x08006dc9   0x12  Code  Gb  stm32f10x_flash.o [2]
FLASH_WaitForLastOperation
                        0x08006eb9   0x20  Code  Gb  stm32f10x_flash.o [2]
FLASH_WriteRemoteID     0x080032ff   0x90  Code  Gb  user_internal_flash.o [2]
FLASH_WriteRemoteLOQ    0x0800338f   0xda  Code  Gb  user_internal_flash.o [2]
GPIO_Configuration      0x080003f5  0x118  Code  Gb  user_rf_app.o [2]
GPIO_Init               0x08002321   0x9e  Code  Gb  stm32f10x_gpio.o [2]
GPIO_PinRemapConfig     0x080023d5   0x68  Code  Gb  stm32f10x_gpio.o [2]
GPIO_ReadInputDataBit   0x080023bf    0xe  Code  Gb  stm32f10x_gpio.o [2]
GPIO_ResetBits          0x080023d1    0x4  Code  Gb  stm32f10x_gpio.o [2]
GPIO_SetBits            0x080023cd    0x4  Code  Gb  stm32f10x_gpio.o [2]
GpsTask_Tcb             0x20001f30   0xd0  Data  Gb  os_cfg_app.o [2]
HEAP$$Base              0x20002950          --   Gb  - Linker created -
HEAP$$Limit             0x20003150          --   Gb  - Linker created -
HardFault_Handler       0x08009809    0x8  Code  Gb  stm32f10x_it.o [2]
IV8_Decrypt             0x080035fd   0xcc  Code  Gb  Encoding_v8.o [2]
IWDG_Configuration      0x080017f1   0x24  Code  Gb  user_rf_app.o [2]
IWDG_Enable             0x08002e79    0xa  Code  Gb  stm32f10x_iwdg.o [2]
IWDG_ReloadCounter      0x08002e6f    0xa  Code  Gb  stm32f10x_iwdg.o [2]
IWDG_SetPrescaler       0x08002e63    0x6  Code  Gb  stm32f10x_iwdg.o [2]
IWDG_SetReload          0x08002e69    0x6  Code  Gb  stm32f10x_iwdg.o [2]
IWDG_WriteAccessCmd     0x08002e5d    0x6  Code  Gb  stm32f10x_iwdg.o [2]
InStream_Read           0x080096bd   0x22  Code  Lc  packbits_init.o [6]
InfoPrintf              0x080022a1   0x6c  Code  Gb  user_debug_app.o [2]
KEY_LOCK_L_time_stamp   0x20000254    0x4  Data  Lc  user_rf_app.o [2]
KEY_TRUNK_L_time_stamp  0x2000024c    0x4  Data  Lc  user_rf_app.o [2]
KEY_UNLOCK_L_time_stamp
                        0x20000250    0x4  Data  Lc  user_rf_app.o [2]
LFSendData              0x0800050d  0x1aa  Code  Gb  user_rf_app.o [2]
LoadInt                 0x08007b31   0x6e  Code  Lc  xprintffull.o [4]
Long2Char               0x080035c9   0x1e  Code  Gb  Encoding_v8.o [2]
MCURegID                0x20000244    0x4  Data  Lc  user_rf_app.o [2]
MemManage_Handler       0x08009811    0x8  Code  Gb  stm32f10x_it.o [2]
NMI_Handler             0x08009807    0x2  Code  Gb  stm32f10x_it.o [2]
NVIC_Configuration      0x08002f77   0xb0  Code  Gb  DeviceManage.o [2]
NVIC_Init               0x08006ee3   0x5c  Code  Gb  misc.o [2]
NVIC_PriorityGroupConfig
                        0x08006ed9    0xa  Code  Gb  misc.o [2]
OSCfg_ISRStk            0x20001210  0x200  Data  Gb  os_cfg_app.o [2]
OSCfg_ISRStkBasePtr     0x08009904    0x4  Data  Gb  os_cfg_app.o [2]
OSCfg_ISRStkSize        0x08009908    0x4  Data  Gb  os_cfg_app.o [2]
OSCfg_IdleTaskStk       0x20001010  0x200  Data  Gb  os_cfg_app.o [2]
OSCfg_IdleTaskStkBasePtr
                        0x080098f8    0x4  Data  Gb  os_cfg_app.o [2]
OSCfg_IdleTaskStkLimit  0x080098fc    0x4  Data  Gb  os_cfg_app.o [2]
OSCfg_IdleTaskStkSize   0x08009900    0x4  Data  Gb  os_cfg_app.o [2]
OSCfg_Init              0x08005667    0x2  Code  Gb  os_cfg_app.o [2]
OSCfg_MsgPool           0x200002ac  0x640  Data  Gb  os_cfg_app.o [2]
OSCfg_MsgPoolBasePtr    0x08009910    0x4  Data  Gb  os_cfg_app.o [2]
OSCfg_MsgPoolSize       0x0800990c    0x2  Data  Gb  os_cfg_app.o [2]
OSCfg_StkSizeMin        0x08009914    0x4  Data  Gb  os_cfg_app.o [2]
OSCfg_TickRate_Hz       0x08009918    0x4  Data  Gb  os_cfg_app.o [2]
OSCfg_TickTaskPrio      0x0800991c    0x1  Data  Gb  os_cfg_app.o [2]
OSCfg_TickTaskStk       0x20001410  0x200  Data  Gb  os_cfg_app.o [2]
OSCfg_TickTaskStkBasePtr
                        0x08009920    0x4  Data  Gb  os_cfg_app.o [2]
OSCfg_TickTaskStkLimit  0x08009924    0x4  Data  Gb  os_cfg_app.o [2]
OSCfg_TickTaskStkSize   0x08009928    0x4  Data  Gb  os_cfg_app.o [2]
OSCfg_TickWheel         0x20002340   0x88  Data  Gb  os_cfg_app.o [2]
OSCfg_TickWheelSize     0x0800992c    0x2  Data  Gb  os_cfg_app.o [2]
OSCfg_TmrTaskPrio       0x08009930    0x1  Data  Gb  os_cfg_app.o [2]
OSCfg_TmrTaskRate_Hz    0x08009934    0x4  Data  Gb  os_cfg_app.o [2]
OSCfg_TmrTaskStk        0x200008ec  0x300  Data  Gb  os_cfg_app.o [2]
OSCfg_TmrTaskStkBasePtr
                        0x08009938    0x4  Data  Gb  os_cfg_app.o [2]
OSCfg_TmrTaskStkLimit   0x0800993c    0x4  Data  Gb  os_cfg_app.o [2]
OSCfg_TmrTaskStkSize    0x08009940    0x4  Data  Gb  os_cfg_app.o [2]
OSCfg_TmrWheel          0x200023c8   0x88  Data  Gb  os_cfg_app.o [2]
OSCfg_TmrWheelSize      0x08009944    0x2  Data  Gb  os_cfg_app.o [2]
OSFlagDbgListPtr        0x200024e8    0x4  Data  Gb  os_var.o [2]
OSFlagQty               0x2000253c    0x2  Data  Gb  os_var.o [2]
OSIdleTaskCtr           0x200024e4    0x4  Data  Gb  os_var.o [2]
OSIdleTaskHook          0x0800481d    0xc  Code  Gb  os_cpu_c.o [2]
OSIdleTaskTCB           0x200020d0   0xd0  Data  Gb  os_var.o [2]
OSInit                  0x08002461  0x122  Code  Gb  os_core.o [2]
OSInitHook              0x08004829   0x14  Code  Gb  os_cpu_c.o [2]
OSIntExit               0x08002583   0xa8  Code  Gb  os_core.o [2]
OSIntNestingCtr         0x20002548    0x1  Data  Gb  os_var.o [2]
OSMemDbgListPtr         0x200024ec    0x4  Data  Gb  os_var.o [2]
OSMemQty                0x2000253e    0x2  Data  Gb  os_var.o [2]
OSMsgPool               0x200024b8    0x8  Data  Gb  os_var.o [2]
OSMutexCreate           0x08004d1d   0x72  Code  Gb  os_mutex.o [2]
OSMutexDbgListPtr       0x200024f0    0x4  Data  Gb  os_var.o [2]
OSMutexPend             0x08004d91  0x1ea  Code  Gb  os_mutex.o [2]
OSMutexPost             0x08004f7b  0x132  Code  Gb  os_mutex.o [2]
OSMutexQty              0x20002540    0x2  Data  Gb  os_var.o [2]
OSPrioCur               0x2000254a    0x1  Data  Gb  os_var.o [2]
OSPrioHighRdy           0x2000254b    0x1  Data  Gb  os_var.o [2]
OSPrioTbl               0x200024c4    0x4  Data  Gb  os_prio.o [2]
OSQDbgListPtr           0x200024f4    0x4  Data  Gb  os_var.o [2]
OSQQty                  0x20002542    0x2  Data  Gb  os_var.o [2]
OSRdyList               0x20001d3c   0xf0  Data  Gb  os_var.o [2]
OSRunning               0x20002549    0x1  Data  Gb  os_var.o [2]
OSSched                 0x0800262b   0x78  Code  Gb  os_core.o [2]
OSSchedLock             0x080026a3   0x5e  Code  Gb  os_core.o [2]
OSSchedLockNestingCtr   0x2000254c    0x1  Data  Gb  os_var.o [2]
OSSchedLockTimeBegin    0x200024f8    0x4  Data  Gb  os_var.o [2]
OSSchedLockTimeMax      0x200024fc    0x4  Data  Gb  os_var.o [2]
OSSchedLockTimeMaxCur   0x20002500    0x4  Data  Gb  os_var.o [2]
OSSchedRoundRobinDfltTimeQuanta
                        0x20002504    0x4  Data  Gb  os_var.o [2]
OSSchedRoundRobinEn     0x2000254d    0x1  Data  Gb  os_var.o [2]
OSSchedRoundRobinYield  0x0800277b   0x9c  Code  Gb  os_core.o [2]
OSSchedUnlock           0x08002701   0x7a  Code  Gb  os_core.o [2]
OSSemDbgListPtr         0x20002508    0x4  Data  Gb  os_var.o [2]
OSSemQty                0x20002544    0x2  Data  Gb  os_var.o [2]
OSStart                 0x08002817   0x4e  Code  Gb  os_core.o [2]
OSStartHighRdy          0x08005669         Code  Gb  os_cpu_a.o [2]
OSTCBCurPtr             0x20002530    0x4  Data  Gb  os_var.o [2]
OSTCBHighRdyPtr         0x20002534    0x4  Data  Gb  os_var.o [2]
OSTaskCreate            0x08003bb1  0x178  Code  Gb  os_task.o [2]
OSTaskCreateHook        0x0800483d    0xc  Code  Gb  os_cpu_c.o [2]
OSTaskCtxSwCtr          0x2000250c    0x4  Data  Gb  os_var.o [2]
OSTaskDbgListPtr        0x20002510    0x4  Data  Gb  os_var.o [2]
OSTaskDel               0x08003d29   0xdc  Code  Gb  os_task.o [2]
OSTaskDelHook           0x08004849    0xc  Code  Gb  os_cpu_c.o [2]
OSTaskQPend             0x08003e05  0x184  Code  Gb  os_task.o [2]
OSTaskQPost             0x08003f89   0x24  Code  Gb  os_task.o [2]
OSTaskQty               0x20002546    0x2  Data  Gb  os_var.o [2]
OSTaskReturnHook        0x08004855    0xc  Code  Gb  os_cpu_c.o [2]
OSTaskSemPend           0x08003fad  0x154  Code  Gb  os_task.o [2]
OSTaskSemPost           0x08004101   0x1a  Code  Gb  os_task.o [2]
OSTaskStkInit           0x08004861   0x80  Code  Gb  os_cpu_c.o [2]
OSTaskSwHook            0x080048e1   0x6e  Code  Gb  os_cpu_c.o [2]
OSTickCtr               0x20002514    0x4  Data  Gb  os_var.o [2]
OSTickTaskTCB           0x200021a0   0xd0  Data  Gb  os_var.o [2]
OSTickTaskTimeMax       0x20002518    0x4  Data  Gb  os_var.o [2]
OSTimeDly               0x0800215d   0xa6  Code  Gb  os_time.o [2]
OSTimeGet               0x08002203   0x24  Code  Gb  os_time.o [2]
OSTimeTick              0x08002227   0x3e  Code  Gb  os_time.o [2]
OSTimeTickHook          0x0800494f    0xc  Code  Gb  os_cpu_c.o [2]
OSTmrDbgListPtr         0x2000251c    0x4  Data  Gb  os_var.o [2]
OSTmrTaskTCB            0x20002270   0xd0  Data  Gb  os_var.o [2]
OSTmrTaskTimeMax        0x20002520    0x4  Data  Gb  os_var.o [2]
OSTmrTickCtr            0x20002524    0x4  Data  Gb  os_var.o [2]
OSTmrUpdateCnt          0x20002528    0x4  Data  Gb  os_var.o [2]
OSTmrUpdateCtr          0x2000252c    0x4  Data  Gb  os_var.o [2]
OS_AppIdleTaskHookPtr   0x200024d4    0x4  Data  Gb  os_var.o [2]
OS_AppStatTaskHookPtr   0x200024d8    0x4  Data  Gb  os_var.o [2]
OS_AppTaskCreateHookPtr
                        0x200024c8    0x4  Data  Gb  os_var.o [2]
OS_AppTaskDelHookPtr    0x200024cc    0x4  Data  Gb  os_var.o [2]
OS_AppTaskReturnHookPtr
                        0x200024d0    0x4  Data  Gb  os_var.o [2]
OS_AppTaskSwHookPtr     0x200024dc    0x4  Data  Gb  os_var.o [2]
OS_AppTimeTickHookPtr   0x200024e0    0x4  Data  Gb  os_var.o [2]
OS_CPU_ExceptStkBase    0x200024c0    0x4  Data  Gb  os_cpu_c.o [2]
OS_CPU_PendSVHandler    0x08005687         Code  Gb  os_cpu_a.o [2]
OS_CPU_SysTickHandler   0x0800495b   0x2a  Code  Gb  os_cpu_c.o [2]
OS_CPU_SysTickInit      0x08004985   0x22  Code  Gb  os_cpu_c.o [2]
OS_Dbg_Init             0x08005665    0x2  Code  Gb  os_dbg.o [2]
OS_FlagInit             0x080051b1    0xe  Code  Gb  os_flag.o [2]
OS_IdleTask             0x08002865   0x26  Code  Gb  os_core.o [2]
OS_IdleTaskInit         0x0800288b   0x4c  Code  Gb  os_core.o [2]
OS_MemInit              0x080051c9    0xe  Code  Gb  os_mem.o [2]
OS_MsgPoolCreate        0x080051e1   0x38  Code  Gb  os_msg.o [2]
OS_MsgPoolInit          0x08005219   0x3c  Code  Gb  os_msg.o [2]
OS_MsgQFreeAll          0x08005255   0x34  Code  Gb  os_msg.o [2]
OS_MsgQGet              0x08005297   0x60  Code  Gb  os_msg.o [2]
OS_MsgQInit             0x08005289    0xe  Code  Gb  os_msg.o [2]
OS_MsgQPut              0x080052f7   0x80  Code  Gb  os_msg.o [2]
OS_MutexDbgListAdd      0x080050ad   0x20  Code  Gb  os_mutex.o [2]
OS_MutexInit            0x080050cd    0xe  Code  Gb  os_mutex.o [2]
OS_Pend                 0x080028d7   0x50  Code  Gb  os_core.o [2]
OS_PendDataInit         0x08002927   0x28  Code  Gb  os_core.o [2]
OS_PendDbgNameAdd       0x0800294f   0x3e  Code  Gb  os_core.o [2]
OS_PendDbgNameRemove    0x0800298d   0x18  Code  Gb  os_core.o [2]
OS_PendListChangePrio   0x080029a5   0x34  Code  Gb  os_core.o [2]
OS_PendListInit         0x080029d9    0xa  Code  Gb  os_core.o [2]
OS_PendListInsertPrio   0x080029e3   0x66  Code  Gb  os_core.o [2]
OS_PendListRemove       0x08002a49   0x26  Code  Gb  os_core.o [2]
OS_PendListRemove1      0x08002a6f   0x3c  Code  Gb  os_core.o [2]
OS_Post                 0x08002aab   0x94  Code  Gb  os_core.o [2]
OS_Post1                0x08002b3f   0x26  Code  Gb  os_core.o [2]
OS_PrioGetHighest       0x0800514b   0x1c  Code  Gb  os_prio.o [2]
OS_PrioInit             0x08005139   0x12  Code  Gb  os_prio.o [2]
OS_PrioInsert           0x08005167   0x22  Code  Gb  os_prio.o [2]
OS_PrioRemove           0x08005189   0x24  Code  Gb  os_prio.o [2]
OS_QInit                0x08005385    0xe  Code  Gb  os_q.o [2]
OS_RdyListInit          0x08002b65   0x1e  Code  Gb  os_core.o [2]
OS_RdyListInsert        0x08002b83   0x24  Code  Gb  os_core.o [2]
OS_RdyListInsertHead    0x08002ba7   0x38  Code  Gb  os_core.o [2]
OS_RdyListInsertTail    0x08002bdf   0x36  Code  Gb  os_core.o [2]
OS_RdyListMoveHeadToTail
                        0x08002c1d   0x3e  Code  Gb  os_core.o [2]
OS_RdyListRemove        0x08002c5b   0x5a  Code  Gb  os_core.o [2]
OS_SchedLockTimeMeasStart
                        0x08002cb5   0x16  Code  Gb  os_core.o [2]
OS_SchedLockTimeMeasStop
                        0x08002ccb   0x30  Code  Gb  os_core.o [2]
OS_SchedRoundRobin      0x08002cfb   0x68  Code  Gb  os_core.o [2]
OS_SemInit              0x0800539d    0xe  Code  Gb  os_sem.o [2]
OS_TaskBlock            0x08002de1   0x38  Code  Gb  os_core.o [2]
OS_TaskDbgListAdd       0x0800411b   0x22  Code  Gb  os_task.o [2]
OS_TaskDbgListRemove    0x0800413d   0x3e  Code  Gb  os_task.o [2]
OS_TaskInit             0x0800417b   0x12  Code  Gb  os_task.o [2]
OS_TaskInitTCB          0x0800418d   0xa6  Code  Gb  os_task.o [2]
OS_TaskQPost            0x08004239   0xa8  Code  Gb  os_task.o [2]
OS_TaskRdy              0x08002e19   0x1a  Code  Gb  os_core.o [2]
OS_TaskReturn           0x080042e1   0x14  Code  Gb  os_task.o [2]
OS_TaskSemPost          0x080042fd   0xbc  Code  Gb  os_task.o [2]
OS_TickListInit         0x08004523   0x20  Code  Gb  os_tick.o [2]
OS_TickListInsert       0x08004543   0xf0  Code  Gb  os_tick.o [2]
OS_TickListRemove       0x08004633   0x3a  Code  Gb  os_tick.o [2]
OS_TickListUpdate       0x0800466d  0x16c  Code  Gb  os_tick.o [2]
OS_TickTask             0x080044a5   0x26  Code  Gb  os_tick.o [2]
OS_TickTaskInit         0x080044cb   0x58  Code  Gb  os_tick.o [2]
OS_TmrInit              0x080053b5   0xae  Code  Gb  os_tmr.o [2]
OS_TmrLink              0x08005463   0xb6  Code  Gb  os_tmr.o [2]
OS_TmrTask              0x08005569   0xa6  Code  Gb  os_tmr.o [2]
OS_TmrUnlink            0x08005519   0x4e  Code  Gb  os_tmr.o [2]
OnRfRev                 0x08001245   0xe2  Code  Lc  user_rf_app.o [2]
OnStudyRemote           0x08001335  0x348  Code  Lc  user_rf_app.o [2]
PWR_BackupAccessCmd     0x08008681    0x6  Code  Gb  stm32f10x_pwr.o [2]
PendSV_Handler          0x0800982d    0x2  Code  Gb  stm32f10x_it.o [2]
RCC_APB1PeriphClockCmd  0x08006d1b   0x16  Code  Gb  stm32f10x_rcc.o [2]
RCC_APB2PeriphClockCmd  0x08006d05   0x16  Code  Gb  stm32f10x_rcc.o [2]
RCC_BackupResetCmd      0x08006d31    0x6  Code  Gb  stm32f10x_rcc.o [2]
RCC_ClearFlag           0x08006d5b    0xc  Code  Gb  stm32f10x_rcc.o [2]
RCC_Configuration       0x08002f1d   0x5a  Code  Gb  DeviceManage.o [2]
RCC_DeInit              0x08006be9   0x32  Code  Gb  stm32f10x_rcc.o [2]
RCC_GetClocksFreq       0x08006c7b   0x8a  Code  Gb  stm32f10x_rcc.o [2]
RCC_GetFlagStatus       0x08006d37   0x24  Code  Gb  stm32f10x_rcc.o [2]
RCC_GetSYSCLKSource     0x08006c2f    0xa  Code  Gb  stm32f10x_rcc.o [2]
RCC_HCLKConfig          0x08006c39    0xe  Code  Gb  stm32f10x_rcc.o [2]
RCC_HSICmd              0x08006c1b    0x6  Code  Gb  stm32f10x_rcc.o [2]
RCC_LSICmd              0x08006c65    0x6  Code  Gb  stm32f10x_rcc.o [2]
RCC_PCLK1Config         0x08006c47    0xe  Code  Gb  stm32f10x_rcc.o [2]
RCC_PCLK2Config         0x08006c55   0x10  Code  Gb  stm32f10x_rcc.o [2]
RCC_RTCCLKCmd           0x08006c75    0x6  Code  Gb  stm32f10x_rcc.o [2]
RCC_RTCCLKConfig        0x08006c6b    0xa  Code  Gb  stm32f10x_rcc.o [2]
RCC_SYSCLKConfig        0x08006c21    0xe  Code  Gb  stm32f10x_rcc.o [2]
RTC_ClearITPendingBit   0x0800877d    0xc  Code  Gb  stm32f10x_rtc.o [2]
RTC_Configuration       0x08006f55   0x58  Code  Gb  user_rtc_app.o [2]
RTC_Configuration1      0x08006fad   0x54  Code  Gb  user_rtc_app.o [2]
RTC_EnterConfigMode     0x080086eb    0xc  Code  Gb  stm32f10x_rtc.o [2]
RTC_ExitConfigMode      0x080086f7    0xe  Code  Gb  stm32f10x_rtc.o [2]
RTC_GetCounter          0x08008705    0xc  Code  Gb  stm32f10x_rtc.o [2]
RTC_GetITStatus         0x0800875f   0x1e  Code  Gb  stm32f10x_rtc.o [2]
RTC_IRQHandler          0x08009861   0x1c  Code  Gb  stm32f10x_it.o [2]
RTC_ITConfig            0x080086d5   0x16  Code  Gb  stm32f10x_rtc.o [2]
RTC_SetCounter          0x08008711   0x16  Code  Gb  stm32f10x_rtc.o [2]
RTC_SetPrescaler        0x08008727   0x1a  Code  Gb  stm32f10x_rtc.o [2]
RTC_WaitForLastTask     0x08008741    0xa  Code  Gb  stm32f10x_rtc.o [2]
RTC_WaitForSynchro      0x0800874b   0x14  Code  Gb  stm32f10x_rtc.o [2]
RangData                0x20000274    0x4  Data  Gb  user_rf_app.o [2]
RangVlue                0x08000841   0x40  Code  Gb  user_rf_app.o [2]
Region$$Table$$Base     0x080099b0          --   Gb  - Linker created -
Region$$Table$$Limit    0x080099dc          --   Gb  - Linker created -
Remote                  0x20001e2c   0x34  Data  Lc  user_rf_app.o [2]
RemoteKeyActive         0x08000ea9  0x2c6  Code  Lc  user_rf_app.o [2]
RemoteKeyValue          0x2000027e    0x2  Data  Lc  user_rf_app.o [2]
RemoteLastData          0x20000279    0x1  Data  Lc  user_rf_app.o [2]
RfTask                  0x08001815  0x212  Code  Gb  user_rf_app.o [2]
RfTaskMsg_handle        0x08001687   0x16  Code  Lc  user_rf_app.o [2]
Rtc_Time_Adjust         0x0800700f   0x16  Code  Gb  user_rtc_app.o [2]
SVC_Handler             0x08009829    0x2  Code  Gb  stm32f10x_it.o [2]
SendAwakeLF             0x080006e5   0x58  Code  Gb  user_rf_app.o [2]
SendStartLF             0x08000881   0x6a  Code  Gb  user_rf_app.o [2]
SendStudyLF             0x08000775   0x8c  Code  Gb  user_rf_app.o [2]
SetSysClock             0x080098f5    0x2  Code  Lc  system_stm32f10x.o [2]
SystemCoreClock         0x200002a8    0x4  Data  Gb  system_stm32f10x.o [2]
SystemInit              0x080098a5   0x40  Code  Gb  system_stm32f10x.o [2]
TIM1_BRK_IRQHandler     0x0800982f    0x2  Code  Gb  stm32f10x_it.o [2]
TIM2_IRQHandler         0x080000ed   0x2e  Code  Gb  user_rf_app.o [2]
TIM2_counting_now_flag  0x2000254e    0x1  Data  Gb  user_rf_app.o [2]
TIM_ARRPreloadConfig    0x080020bf   0x18  Code  Gb  stm32f10x_tim.o [2]
TIM_CCxCmd              0x080020f5   0x1a  Code  Gb  stm32f10x_tim.o [2]
TIM_ClearITPendingBit   0x0800212f    0x6  Code  Gb  stm32f10x_tim.o [2]
TIM_Cmd                 0x08002077   0x18  Code  Gb  stm32f10x_tim.o [2]
TIM_Configuration       0x08003027   0xca  Code  Gb  DeviceManage.o [2]
TIM_CtrlPWMOutputs      0x0800208f   0x1c  Code  Gb  stm32f10x_tim.o [2]
TIM_GetCounter          0x08002113    0x4  Code  Gb  stm32f10x_tim.o [2]
TIM_GetITStatus         0x08002117   0x18  Code  Gb  stm32f10x_tim.o [2]
TIM_ITConfig            0x080020ab   0x14  Code  Gb  stm32f10x_tim.o [2]
TIM_OC1Init             0x08001f81   0x82  Code  Gb  stm32f10x_tim.o [2]
TIM_OC1PreloadConfig    0x080020d7    0xe  Code  Gb  stm32f10x_tim.o [2]
TIM_OC2Init             0x08002003   0x74  Code  Gb  stm32f10x_tim.o [2]
TIM_OC2PreloadConfig    0x080020e5   0x10  Code  Gb  stm32f10x_tim.o [2]
TIM_SetCounter          0x0800210f    0x4  Code  Gb  stm32f10x_tim.o [2]
TIM_TimeBaseInit        0x08001ef1   0x90  Code  Gb  stm32f10x_tim.o [2]
Time_Regulate           0x08007001    0xe  Code  Gb  user_rtc_app.o [2]
USART1_IRQHandler       0x08004b21   0x3a  Code  Gb  uart1_network_layer.o [2]
USART2_IRQHandler       0x08009469   0x3a  Code  Gb  uart2_network_layer.o [2]
USART3_IRQHandler       0x080095e5   0x3a  Code  Gb  uart3_network_layer.o [2]
USART_Cmd               0x08007291   0x18  Code  Gb  stm32f10x_usart.o [2]
USART_GetFlagStatus     0x080072eb    0xe  Code  Gb  stm32f10x_usart.o [2]
USART_GetITStatus       0x080072f9   0x48  Code  Gb  stm32f10x_usart.o [2]
USART_ITConfig          0x080072a9   0x3a  Code  Gb  stm32f10x_usart.o [2]
USART_Init              0x080071e5   0xa4  Code  Gb  stm32f10x_usart.o [2]
USART_SendData          0x080072e3    0x8  Code  Gb  stm32f10x_usart.o [2]
UhfRevData_V7           0x08000939  0x332  Code  Lc  user_rf_app.o [2]
UsageFault_Handler      0x08009821    0x8  Code  Gb  stm32f10x_it.o [2]
V7_Decrypt              0x0800382f   0x36  Code  Gb  Encoding.o [1]
ValueRange              0x0800091d   0x1c  Code  Lc  user_rf_app.o [2]
_EncodingSb_Mbtowc      0x080092a3   0x30  Code  Gb  xencoding_sb.o [4]
_EncodingSb_Wctomb      0x08009289   0x1a  Code  Gb  xencoding_sb.o [4]
_GenldFull              0x080083bb  0x24c  Code  Lc  xprintffull.o [4]
_IsdstStr               0x2000018c    0x4  Data  Gb  setlocale.o [4]
_LdtobFull              0x08007fb9  0x3fc  Code  Lc  xprintffull.o [4]
_LitobFull              0x08007eb1  0x106  Code  Lc  xprintffull.o [4]
_LocaleEncoding         0x08009275    0xe  Code  Gb  setlocale.o [4]
_LocaleReturnString     0x200001ac   0x50  Data  Lc  setlocale.o [4]
_Locale_Profile         0x20000190   0x1c  Data  Gb  setlocale.o [4]
_Locale_aeabi_lconv     0x20000150   0x38  Data  Gb  localeconv.o [4]
_Locale_lconv           0x20000100   0x50  Data  Gb  localeconv.o [4]
_Mbtowc                 0x08008859   0x20  Code  Gb  xmbtowc.o [4]
_PrintfFull             0x080074fd  0x61e  Code  Gb  xprintffull.o [4]
_PutcharsFull           0x08008607   0x2e  Code  Lc  xprintffull.o [4]
_PutstrFull             0x08007b9f  0x30c  Code  Lc  xprintffull.o [4]
_SNProut                0x08002447   0x1a  Code  Gb  xsnprout.o [4]
_TzoneStr               0x20000188    0x4  Data  Gb  setlocale.o [4]
_Wctomb                 0x0800892b   0x1a  Code  Gb  xwctomb.o [4]
__aeabi_cdcmple         0x08008a75         Code  Gb  DblCmpLe.o [5]
__aeabi_cdrcmple        0x08008aa5         Code  Gb  DblCmpGe.o [5]
__aeabi_d2iz            0x08008be1         Code  Gb  DblToI32.o [5]
__aeabi_d2uiz           0x08008c0d         Code  Gb  DblToI32.o [5]
__aeabi_ddiv            0x08008f8d         Code  Gb  DblDiv.o [5]
__aeabi_dmul            0x08008de9         Code  Gb  DblMul.o [5]
__aeabi_dsub            0x08008c69         Code  Gb  DblSub.o [5]
__aeabi_i2d             0x08008c39         Code  Gb  I32ToDbl.o [5]
__aeabi_ldiv0           0x080092e9         Code  Gb  I64DivZer.o [6]
__aeabi_memclr4         0x08002441         Code  Gb  ABImemclr4.o [6]
__aeabi_memset          0x08003541         Code  Gb  ABImemset.o [6]
__aeabi_memset4         0x08003a6d         Code  Gb  ABImemset48.o [6]
__aeabi_memset8         0x08003a6d         Code  Gb  ABImemset48.o [6]
__aeabi_ui2d            0x08008c4d         Code  Gb  I32ToDbl.o [5]
__aeabi_uldivmod        0x08008945         Code  Gb  I64DivMod.o [6]
__cmain                 0x080099dd         Code  Gb  cmain.o [6]
__data_GetMemChunk      0x08008655   0x2c  Code  Gb  xgetmemchunk.o [4]
__exit                  0x08009261   0x14  Code  Gb  exit.o [7]
__iar_Dnorm             0x08008a33   0x42  Code  Gb  xdnorm.o [5]
__iar_Dscale            0x08008ad5  0x10c  Code  Gb  xdscale.o [5]
__iar_Locale_lconv_init
                        0x080091e5   0x3a  Code  Gb  localeconv.o [4]
__iar_Mbcurmax          0x08008921    0xa  Code  Gb  xmbcurmax.o [4]
__iar_Memchr            0x080088c9         Code  Gb  memchr.o [6]
__iar_Memset            0x08003541         Code  Gb  ABImemset.o [6]
__iar_Memset4_word      0x08003a75         Code  Gb  ABImemset48.o [6]
__iar_Memset8_word      0x08003a75         Code  Gb  ABImemset48.o [6]
__iar_Memset_word       0x08003549         Code  Gb  ABImemset.o [6]
__iar_Strchr            0x08008879         Code  Gb  strchr.o [6]
__iar_d2uiz             0x08008c19         Code  Gb  DblToI32.o [5]
__iar_dadd              0x080092ed         Code  Gb  DblAdd.o [5]
__iar_data_init3        0x08009989   0x28  Code  Gb  data_init.o [6]
__iar_dlfree            0x080066cf  0x510  Code  Gb  dlmalloc.o [4]
__iar_dlib_perthread_access
                        0x080093c1    0x2  Code  Gb  xtls.o [4]
__iar_dlmalloc          0x08006419  0x2aa  Code  Gb  dlmalloc.o [4]
__iar_dsub              0x08008c7d         Code  Gb  DblSub.o [5]
__iar_dsubStart         0x08008c8f         Code  Gb  DblSub.o [5]
__iar_packbits_init3    0x080096df   0xae  Code  Gb  packbits_init.o [6]
__iar_program_start     0x08009a1d         Code  Gb  cstartup_M.o [6]
__iar_ui2d              0x08008c51         Code  Gb  I32ToDbl.o [5]
__iar_unaligned___aeabi_memcpy
                        0x08003aa9         Code  Gb  ABImemcpy_unaligned.o [6]
__iar_unaligned___aeabi_memcpy4
                        0x08003ac9         Code  Gb  ABImemcpy_unaligned.o [6]
__iar_unaligned___aeabi_memcpy8
                        0x08003ac9         Code  Gb  ABImemcpy_unaligned.o [6]
__iar_unaligned_memcmp  0x08003b21         Code  Gb  memcmp_unaligned.o [6]
__iar_zero_init3        0x08009949   0x40  Code  Gb  zero_init3.o [6]
__low_level_init        0x080099f7    0x4  Code  Gb  low_level_init.o [4]
__vector_table          0x08000000         Data  Gb  startup_stm32f10x_md.o [2]
_call_main              0x080099e9         Code  Gb  cmain.o [6]
_exit                   0x08009a01         Code  Gb  cexit.o [6]
_gm_                    0x20001610  0x1d8  Data  Lc  dlmalloc.o [4]
_main                   0x080099f3         Code  Gb  cmain.o [6]
abort                   0x0800864f    0x6  Code  Gb  abort.o [4]
bat_cali_ok_flag        0x200001fe    0x1  Data  Lc  user_rf_app.o [2]
bat_current             0x20000230    0x4  Data  Lc  user_rf_app.o [2]
bat_dif_val             0x20000234    0x4  Data  Lc  user_rf_app.o [2]
bat_engined_average     0x2000022c    0x4  Data  Lc  user_rf_app.o [2]
bat_off_average         0x20000228    0x4  Data  Lc  user_rf_app.o [2]
buffer                  0x20000bec  0x1f4  Data  Lc  user_debug_app.o [2]
car_power               0x2000027a    0x1  Data  Lc  user_rf_app.o [2]
check_bat_vol_buf       0x20000200   0x28  Data  Lc  user_rf_app.o [2]
check_bat_vol_buf_offset
                        0x200001fd    0x1  Data  Lc  user_rf_app.o [2]
check_bat_vol_ok_flag   0x200001fc    0x1  Data  Lc  user_rf_app.o [2]
check_study_key         0x0800179f   0x52  Code  Lc  user_rf_app.o [2]
control_car_power       0x080001e9   0x92  Code  Gb  user_rf_app.o [2]
creat_app_task          0x080030f1   0x3a  Code  Gb  DeviceManage.o [2]
ctl_car_remote_start    0x08000295   0x82  Code  Gb  user_rf_app.o [2]
ctl_car_remote_stop     0x080003a9   0x22  Code  Gb  user_rf_app.o [2]
dat_28bb                0x200024b2    0x1  Data  Gb  Encoding.o [1]
dat_2970                0x200024b1    0x1  Data  Gb  Encoding.o [1]
dat_2971                0x200024b0    0x1  Data  Gb  Encoding.o [1]
debug_port_init         0x0800228d   0x14  Code  Gb  user_debug_app.o [2]
div                     0x08009251    0xe  Code  Gb  div.o [4]
exit                    0x080099fb    0x4  Code  Gb  exit.o [4]
factory_trace_id        0x20000248    0x4  Data  Lc  user_rf_app.o [2]
init_mparams            0x08005713   0x32  Code  Lc  dlmalloc.o [4]
init_top                0x08005745   0x34  Code  Lc  dlmalloc.o [4]
key_sn                  0x2000027b    0x1  Data  Lc  user_rf_app.o [2]
lf_dst_WUPA             0x20000280    0x2  Data  Gb  user_rf_app.o [2]
localeconv              0x0800921f   0x16  Code  Gb  localeconv.o [4]
localtime               0x0800879d   0xb0  Code  Gb  Common.o [2]
main                    0x0800978d   0x54  Code  Gb  main.o [2]
main_key_sn             0x2000027c    0x1  Data  Gb  user_rf_app.o [2]
memchr                  0x080088c9         Code  Gb  memchr.o [6]
memset                  0x080071d1   0x14  Code  Gb  memset.o [4]
mparams                 0x20002498   0x18  Data  Lc  dlmalloc.o [4]
on_change_flag          0x2000023a    0x1  Data  Lc  user_rf_app.o [2]
on_status               0x2000023b    0x1  Data  Lc  user_rf_app.o [2]
power_off_smart_card    0x08000171   0x22  Code  Gb  user_rf_app.o [2]
power_on_smart_card     0x0800012b   0x2c  Code  Gb  user_rf_app.o [2]
ppt                     0x200024b4    0x4  Data  Gb  Encoding.o [1]
prepend_alloc           0x08005779  0x36c  Code  Lc  dlmalloc.o [4]
print_mutex             0x20000de0   0x2c  Data  Gb  user_debug_app.o [2]
printf_time_now         0x08007091   0x6c  Code  Gb  user_rtc_app.o [2]
procde77                0x080036e1   0x2a  Code  Gb  Encoding.o [1]
procdeb1                0x0800370b   0x34  Code  Gb  Encoding.o [1]
procdf34                0x0800373f   0xb8  Code  Gb  Encoding.o [1]
proce050                0x080037f7   0x38  Code  Gb  Encoding.o [1]
remote_pwr_on_card_timestamp
                        0x20000240    0x4  Data  Lc  user_rf_app.o [2]
remote_started_flag     0x2000023c    0x1  Data  Lc  user_rf_app.o [2]
reset_mcu               0x08009805    0x2  Code  Gb  stm32f10x_it.o [2]
rf_open_module          0x08001685    0x2  Code  Lc  user_rf_app.o [2]
rf_task_Tcb             0x20002000   0xd0  Data  Gb  os_cfg_app.o [2]
rf_task_stk             0x20001c3c  0x100  Data  Gb  os_cfg_app.o [2]
rt_ringbuffer_data_len  0x08007379   0x3c  Code  Lc  ringbuffer.o [2]
rt_ringbuffer_data_len  0x08004a11   0x3c  Code  Lc  uart1_network_layer.o [2]
rt_ringbuffer_data_len  0x080093ed   0x3c  Code  Lc  uart2_network_layer.o [2]
rt_ringbuffer_data_len  0x08009569   0x3c  Code  Lc  uart3_network_layer.o [2]
rt_ringbuffer_get       0x0800746b   0x92  Code  Gb  ringbuffer.o [2]
rt_ringbuffer_init      0x080073b5   0x22  Code  Gb  ringbuffer.o [2]
rt_ringbuffer_put       0x080073d7   0x94  Code  Gb  ringbuffer.o [2]
rt_ringbuffer_status    0x08007351   0x28  Code  Lc  ringbuffer.o [2]
rt_ringbuffer_status    0x080049e9   0x28  Code  Lc  uart1_network_layer.o [2]
rt_ringbuffer_status    0x080093c5   0x28  Code  Lc  uart2_network_layer.o [2]
rt_ringbuffer_status    0x08009541   0x28  Code  Lc  uart3_network_layer.o [2]
rtc_calibrate_flag      0x20002450    0x1  Data  Lc  user_rtc_app.o [2]
rtc_rd_wr_mutex         0x20002454   0x2c  Data  Lc  user_rtc_app.o [2]
segment_holding         0x080056f9   0x1a  Code  Lc  dlmalloc.o [4]
smart_card_need_dly_pwr_off_flag
                        0x20000238    0x1  Data  Lc  user_rf_app.o [2]
smart_card_pwr_status   0x20000239    0x1  Data  Lc  user_rf_app.o [2]
strchr                  0x08008879         Code  Gb  strchr.o [6]
strlen                  0x08008891         Code  Gb  strlen.o [6]
sys_alloc               0x08005ae5  0x386  Code  Lc  dlmalloc.o [4]
tab_3480                0x0800386c    0x8  Data  Gb  Encoding.o [1]
tab_3488                0x08003874   0x60  Data  Gb  Encoding.o [1]
tab_3548                0x080038d4   0x60  Data  Gb  Encoding.o [1]
tab_3608                0x08003934   0x10  Data  Gb  Encoding.o [1]
tab_3618                0x08003944  0x100  Data  Gb  Encoding.o [1]
tab_58b0                0x08003a44    0x8  Data  Gb  Encoding.o [1]
tab_58c0                0x08003a4c   0x10  Data  Gb  Encoding.o [1]
tab_58e0                0x08003a5c   0x10  Data  Gb  Encoding.o [1]
tmalloc_large           0x08005e79  0x390  Code  Lc  dlmalloc.o [4]
tmalloc_small           0x08006209  0x210  Code  Lc  dlmalloc.o [4]
uart1_get_busy_state    0x08004b5b    0x6  Code  Gb  uart1_network_layer.o [2]
uart1_init_link         0x08004b61   0x26  Code  Lc  uart1_network_layer.o [2]
uart1_rd_one_package_from_tx_ringbuffer
                        0x08004b87   0x34  Code  Lc  uart1_network_layer.o [2]
uart1_retry_delay       0x08004a4d    0xc  Code  Lc  uart1_network_layer.o [2]
uart1_rx_ringbuf        0x20001804   0x80  Data  Lc  uart1_network_layer.o [2]
uart1_rx_ringbuffer_controller
                        0x200017f8    0xc  Data  Lc  uart1_network_layer.o [2]
uart1_send_data         0x08004c4b   0xc2  Code  Gb  uart1_network_layer.o [2]
uart1_send_sta          0x200017e8    0x1  Data  Lc  uart1_network_layer.o [2]
uart1_trig_a_tx_interrupt
                        0x08004bbb   0x4c  Code  Lc  uart1_network_layer.o [2]
uart1_tx_ringbuf        0x20001884  0x100  Data  Lc  uart1_network_layer.o [2]
uart1_tx_ringbuffer_controller
                        0x200017ec    0xc  Data  Lc  uart1_network_layer.o [2]
uart1_wr_rx_link_buffer
                        0x08007341   0x10  Code  Gb  uart1_network_layer.o [2]
uart1_wr_tx_link_buf_max_len
                        0x08004c07   0x44  Code  Lc  uart1_network_layer.o [2]
uart2_rd_one_package_from_tx_ringbuffer
                        0x080094a3   0x34  Code  Lc  uart2_network_layer.o [2]
uart2_rx_ringbuf        0x20001b3c   0x80  Data  Lc  uart2_network_layer.o [2]
uart2_rx_ringbuffer_controller
                        0x20001b30    0xc  Data  Lc  uart2_network_layer.o [2]
uart2_send_sta          0x20001b20    0x1  Data  Lc  uart2_network_layer.o [2]
uart2_trig_a_tx_interrupt
                        0x080094d7   0x4c  Code  Lc  uart2_network_layer.o [2]
uart2_tx_ringbuf        0x20001bbc   0x80  Data  Lc  uart2_network_layer.o [2]
uart2_tx_ringbuffer_controller
                        0x20001b24    0xc  Data  Lc  uart2_network_layer.o [2]
uart2_wr_rx_link_buffer
                        0x08009531   0x10  Code  Gb  uart2_network_layer.o [2]
uart3_rd_one_package_from_tx_ringbuffer
                        0x0800961f   0x34  Code  Lc  uart3_network_layer.o [2]
uart3_rx_ringbuf        0x200019a0  0x100  Data  Lc  uart3_network_layer.o [2]
uart3_rx_ringbuffer_controller
                        0x20001994    0xc  Data  Lc  uart3_network_layer.o [2]
uart3_send_sta          0x20001984    0x1  Data  Lc  uart3_network_layer.o [2]
uart3_trig_a_tx_interrupt
                        0x08009653   0x4c  Code  Lc  uart3_network_layer.o [2]
uart3_tx_ringbuf        0x20001aa0   0x80  Data  Lc  uart3_network_layer.o [2]
uart3_tx_ringbuffer_controller
                        0x20001988    0xc  Data  Lc  uart3_network_layer.o [2]
uart3_wr_rx_link_buffer
                        0x080096ad   0x10  Code  Gb  uart3_network_layer.o [2]
user_delay_ms           0x08002f07    0xc  Code  Gb  DeviceManage.o [2]
user_free               0x08002edf   0x28  Code  Gb  DeviceManage.o [2]
user_get_os_time        0x08002f13    0xa  Code  Gb  DeviceManage.o [2]
user_malloc             0x08002e91   0x4e  Code  Gb  DeviceManage.o [2]
user_open_rtc           0x08007025   0x6c  Code  Gb  user_rtc_app.o [2]
user_uart1_dis_tx_int   0x08004aed    0xc  Code  Lc  uart1_network_layer.o [2]
user_uart1_en_tx_int    0x08004ae1    0xc  Code  Lc  uart1_network_layer.o [2]
user_uart1_open         0x08004a59   0x88  Code  Gb  uart1_network_layer.o [2]
user_uart1_receive_one_data_package
                        0x08004b17    0xa  Code  Lc  uart1_network_layer.o [2]
user_uart1_transmit_one_data_package
                        0x08004af9   0x1e  Code  Lc  uart1_network_layer.o [2]
user_uart2_dis_tx_int   0x08009435    0xc  Code  Lc  uart2_network_layer.o [2]
user_uart2_en_tx_int    0x08009429    0xc  Code  Lc  uart2_network_layer.o [2]
user_uart2_receive_one_data_package
                        0x0800945f    0xa  Code  Lc  uart2_network_layer.o [2]
user_uart2_transmit_one_data_package
                        0x08009441   0x1e  Code  Lc  uart2_network_layer.o [2]
user_uart3_dis_tx_int   0x080095b1    0xc  Code  Lc  uart3_network_layer.o [2]
user_uart3_en_tx_int    0x080095a5    0xc  Code  Lc  uart3_network_layer.o [2]
user_uart3_receive_one_data_package
                        0x080095db    0xa  Code  Lc  uart3_network_layer.o [2]
user_uart3_transmit_one_data_package
                        0x080095bd   0x1e  Code  Lc  uart3_network_layer.o [2]
vsnprintf               0x080050fd   0x3c  Code  Gb  vsnprint.o [4]


[1] = D:\GitHub2\smart_box_q5\SMART_CARD\Project\App\rf
[2] = D:\GitHub2\smart_box_q5\SMART_CARD\Project\STM32F10x_StdPeriph_Template\EWARM\STM3210B-EVAL\Obj
[3] = command line
[4] = dl7M_tlf.a
[5] = m7M_tl.a
[6] = rt7M_tl.a
[7] = shb_l.a

  39 546 bytes of readonly  code memory
     442 bytes of readonly  data memory
  12 623 bytes of readwrite data memory

Errors: none
Warnings: none
